../drivers/Src/stm32f407xx_i2c_driver.c:17:6:I2C_GenerateStartCondition	16	static
../drivers/Src/stm32f407xx_i2c_driver.c:22:13:I2C_ExecuteAddressPhaseWrite	16	static
../drivers/Src/stm32f407xx_i2c_driver.c:30:13:I2C_ExecuteAddressPhaseRead	16	static
../drivers/Src/stm32f407xx_i2c_driver.c:38:13:I2C_ClearADDRFlag	24	static
../drivers/Src/stm32f407xx_i2c_driver.c:77:6:I2C_GenerateStopCondition	16	static
../drivers/Src/stm32f407xx_i2c_driver.c:83:7:I2C_SlaveEnableDisableCallbackEvents	16	static
../drivers/Src/stm32f407xx_i2c_driver.c:113:6:I2C_PeripheralControl	16	static
../drivers/Src/stm32f407xx_i2c_driver.c:140:6:I2C_PeriClockControl	16	static
../drivers/Src/stm32f407xx_i2c_driver.c:176:6:I2C_Init	24	static
../drivers/Src/stm32f407xx_i2c_driver.c:255:6:I2C_DeInit	16	static
../drivers/Src/stm32f407xx_i2c_driver.c:261:9:I2C_GetFlagStatus	16	static
../drivers/Src/stm32f407xx_i2c_driver.c:272:6:I2C_MasterSendData	24	static
../drivers/Src/stm32f407xx_i2c_driver.c:316:6:I2C_MasterReceiveData	32	static
../drivers/Src/stm32f407xx_i2c_driver.c:394:6:I2C_ManageAcking	16	static
../drivers/Src/stm32f407xx_i2c_driver.c:421:6:I2C_IRQInterruptConfig	16	static
../drivers/Src/stm32f407xx_i2c_driver.c:476:6:I2C_IRQPriorityConfig	24	static
../drivers/Src/stm32f407xx_i2c_driver.c:502:9:I2C_MasterSendDataIT	32	static
../drivers/Src/stm32f407xx_i2c_driver.c:546:9:I2C_MasterReceiveDataIT	32	static
../drivers/Src/stm32f407xx_i2c_driver.c:575:13:I2C_MasterHandleTXEInterrupt	16	static
../drivers/Src/stm32f407xx_i2c_driver.c:593:13:I2C_MasterHandleRXNEInterrupt	16	static
../drivers/Src/stm32f407xx_i2c_driver.c:634:6:I2C_CloseReceiveData	16	static
../drivers/Src/stm32f407xx_i2c_driver.c:654:6:I2C_CloseSendData	16	static
../drivers/Src/stm32f407xx_i2c_driver.c:667:6:I2C_SlaveSendData	16	static
../drivers/Src/stm32f407xx_i2c_driver.c:672:9:I2C_SlaveReceiveData	16	static
../drivers/Src/stm32f407xx_i2c_driver.c:677:6:I2C_EV_IRQHandling	32	static
../drivers/Src/stm32f407xx_i2c_driver.c:829:6:I2C_ER_IRQHandling	24	static
