../drivers/Src/stm32f407xx_usart_driver.c:19:6:USART_SetBaudRate	40	static
../drivers/Src/stm32f407xx_usart_driver.c:96:6:USART_Init	24	static
../drivers/Src/stm32f407xx_usart_driver.c:210:6:USART_PeripheralControl	16	static
../drivers/Src/stm32f407xx_usart_driver.c:238:6:USART_PeriClockControl	16	static
../drivers/Src/stm32f407xx_usart_driver.c:277:9:USART_GetFlagStatus	16	static
../drivers/Src/stm32f407xx_usart_driver.c:301:6:USART_SendData	32	static
../drivers/Src/stm32f407xx_usart_driver.c:364:6:USART_ReceiveData	32	static
../drivers/Src/stm32f407xx_usart_driver.c:439:9:USART_SendDataIT	32	static
../drivers/Src/stm32f407xx_usart_driver.c:473:9:USART_ReceiveDataIT	32	static
../drivers/Src/stm32f407xx_usart_driver.c:511:6:USART_ClearFlag	16	static
../drivers/Src/stm32f407xx_usart_driver.c:531:6:USART_IRQInterruptConfig	16	static
../drivers/Src/stm32f407xx_usart_driver.c:586:6:USART_IRQPriorityConfig	24	static
../drivers/Src/stm32f407xx_usart_driver.c:612:6:USART_IRQHandling	32	static
../drivers/Src/stm32f407xx_usart_driver.c:915:13:USART_ApplicationEventCallback	16	static
